[clinicmaster.dexignzone.com/skincare/xhtml/index.html]
[backblue.gif]
[fade.gif]
[index.html]
[clinicmaster.dexignzone.com/skincare/xhtml/social-image.png]
[clinicmaster.dexignzone.com/skincare/xhtml/images/favicon.png]
[clinicmaster.dexignzone.com/skincare/xhtml/vendor/tempus-dominus/css/tempus-dominus.min.css]
[clinicmaster.dexignzone.com/skincare/xhtml/vendor/swiper/swiper-bundle.min.css]
[clinicmaster.dexignzone.com/skincare/xhtml/vendor/twentytwenty/css/twentytwenty.css]
[clinicmaster.dexignzone.com/skincare/xhtml/vendor/magnific-popup/magnific-popup.min.css]
[clinicmaster.dexignzone.com/skincare/xhtml/css/style.css]
[clinicmaster.dexignzone.com/skincare/xhtml/images/logo.svg]
[clinicmaster.dexignzone.com/skincare/xhtml/about-us.html]
[clinicmaster.dexignzone.com/skincare/xhtml/about-us-2.html]
[clinicmaster.dexignzone.com/skincare/xhtml/appointment.html]
[clinicmaster.dexignzone.com/skincare/xhtml/pricing-table.html]
[clinicmaster.dexignzone.com/skincare/xhtml/testimonial.html]
[clinicmaster.dexignzone.com/skincare/xhtml/faqs.html]
[clinicmaster.dexignzone.com/skincare/xhtml/error-404.html]
[clinicmaster.dexignzone.com/skincare/xhtml/team.html]
[clinicmaster.dexignzone.com/skincare/xhtml/team-detail.html]
[clinicmaster.dexignzone.com/skincare/xhtml/services.html]
[clinicmaster.dexignzone.com/skincare/xhtml/service-detail.html]
[clinicmaster.dexignzone.com/skincare/xhtml/service-detail-2.html]
[clinicmaster.dexignzone.com/skincare/xhtml/shop.html]
[clinicmaster.dexignzone.com/skincare/xhtml/shop-details.html]
[clinicmaster.dexignzone.com/skincare/xhtml/blog-grid.html]
[clinicmaster.dexignzone.com/skincare/xhtml/blog-list-sidebar.html]
[clinicmaster.dexignzone.com/skincare/xhtml/blog-details.html]
[clinicmaster.dexignzone.com/skincare/xhtml/contact-us.html]
[clinicmaster.dexignzone.com/skincare/xhtml/contact-us-2.html]
[clinicmaster.dexignzone.com/skincare/xhtml/images/shop/img1.webp]
[clinicmaster.dexignzone.com/skincare/xhtml/images/shop/img2.webp]
[clinicmaster.dexignzone.com/skincare/xhtml/images/shop/img4.webp]
[clinicmaster.dexignzone.com/skincare/xhtml/images/avatar/small/avatar1.webp]
[clinicmaster.dexignzone.com/skincare/xhtml/images/avatar/small/avatar2.webp]
[clinicmaster.dexignzone.com/skincare/xhtml/images/avatar/small/avatar3.webp]
[clinicmaster.dexignzone.com/skincare/xhtml/images/avatar/small/avatar4.webp]
[clinicmaster.dexignzone.com/skincare/xhtml/images/hero-banner/img1.png]
[clinicmaster.dexignzone.com/skincare/xhtml/images/hero-banner/img2.jpg]
[clinicmaster.dexignzone.com/skincare/xhtml/images/hero-banner/img3.jpg]
[clinicmaster.dexignzone.com/skincare/xhtml/images/hero-banner/img4.jpg]
[clinicmaster.dexignzone.com/skincare/xhtml/images/about/img1.webp]
[clinicmaster.dexignzone.com/skincare/xhtml/images/about/img2.webp]
[clinicmaster.dexignzone.com/skincare/xhtml/images/about/img3.webp]
[clinicmaster.dexignzone.com/skincare/xhtml/images/services/middle/img1.webp]
[clinicmaster.dexignzone.com/skincare/xhtml/images/avatar/middle/avatar1.webp]
[clinicmaster.dexignzone.com/skincare/xhtml/images/services/middle/img2.webp]
[clinicmaster.dexignzone.com/skincare/xhtml/images/services/middle/img3.webp]
[clinicmaster.dexignzone.com/skincare/xhtml/images/services/middle/img4.webp]
[clinicmaster.dexignzone.com/skincare/xhtml/images/services/middle/img5.webp]
[clinicmaster.dexignzone.com/skincare/xhtml/images/compare/before1.webp]
[clinicmaster.dexignzone.com/skincare/xhtml/images/compare/after1.webp]
[clinicmaster.dexignzone.com/skincare/xhtml/images/compare/before2.webp]
[clinicmaster.dexignzone.com/skincare/xhtml/images/compare/after2.webp]
[clinicmaster.dexignzone.com/skincare/xhtml/images/shop/img3.webp]
[clinicmaster.dexignzone.com/skincare/xhtml/images/about/img4.webp]
[clinicmaster.dexignzone.com/skincare/xhtml/images/team/img1.webp]
[clinicmaster.dexignzone.com/skincare/xhtml/images/team/img2.webp]
[clinicmaster.dexignzone.com/skincare/xhtml/images/team/img3.webp]
[clinicmaster.dexignzone.com/skincare/xhtml/images/team/img4.webp]
[clinicmaster.dexignzone.com/skincare/xhtml/images/team/ads.webp]
[clinicmaster.dexignzone.com/skincare/xhtml/images/sign.webp]
[clinicmaster.dexignzone.com/skincare/xhtml/images/about/img5.webp]
[clinicmaster.dexignzone.com/skincare/xhtml/images/logo/logo1.png]
[clinicmaster.dexignzone.com/skincare/xhtml/images/about/img6.webp]
[clinicmaster.dexignzone.com/skincare/xhtml/images/google.svg]
[clinicmaster.dexignzone.com/skincare/xhtml/images/about/img7.webp]
[clinicmaster.dexignzone.com/skincare/xhtml/images/testimonial/thumbs/pic1.jpg]
[clinicmaster.dexignzone.com/skincare/xhtml/images/testimonial/thumbs/pic2.jpg]
[clinicmaster.dexignzone.com/skincare/xhtml/images/testimonial/thumbs/pic3.jpg]
[clinicmaster.dexignzone.com/skincare/xhtml/images/testimonial/thumbs/pic4.jpg]
[clinicmaster.dexignzone.com/skincare/xhtml/images/testimonial/thumbs/pic5.jpg]
[clinicmaster.dexignzone.com/skincare/xhtml/images/testimonial/thumbs/pic6.jpg]
[clinicmaster.dexignzone.com/skincare/xhtml/images/testimonial/thumbs/pic7.jpg]
[clinicmaster.dexignzone.com/skincare/xhtml/images/testimonial/thumbs/pic8.jpg]
[clinicmaster.dexignzone.com/skincare/xhtml/images/testimonial/thumbs/pic9.jpg]
[clinicmaster.dexignzone.com/skincare/xhtml/images/testimonial/thumbs/pic10.jpg]
[clinicmaster.dexignzone.com/skincare/xhtml/images/testimonial/slider/pic1.jpg]
[clinicmaster.dexignzone.com/skincare/xhtml/images/testimonial/slider/pic2.jpg]
[clinicmaster.dexignzone.com/skincare/xhtml/images/testimonial/slider/pic3.jpg]
[clinicmaster.dexignzone.com/skincare/xhtml/images/testimonial/slider/pic4.jpg]
[clinicmaster.dexignzone.com/skincare/xhtml/images/testimonial/slider/pic5.jpg]
[clinicmaster.dexignzone.com/skincare/xhtml/images/testimonial/slider/pic6.jpg]
[clinicmaster.dexignzone.com/skincare/xhtml/images/testimonial/slider/pic7.jpg]
[clinicmaster.dexignzone.com/skincare/xhtml/images/testimonial/slider/pic8.jpg]
[clinicmaster.dexignzone.com/skincare/xhtml/images/testimonial/slider/pic9.jpg]
[clinicmaster.dexignzone.com/skincare/xhtml/images/testimonial/slider/pic10.jpg]
[clinicmaster.dexignzone.com/skincare/xhtml/images/blog/large/img1.webp]
[clinicmaster.dexignzone.com/skincare/xhtml/images/blog/large/img2.webp]
[clinicmaster.dexignzone.com/skincare/xhtml/images/blog/large/img3.webp]
[clinicmaster.dexignzone.com/skincare/xhtml/images/blog/middle/img1.webp]
[clinicmaster.dexignzone.com/skincare/xhtml/images/blog/middle/img2.webp]
[clinicmaster.dexignzone.com/skincare/xhtml/images/blog/middle/img3.webp]
[clinicmaster.dexignzone.com/skincare/xhtml/images/logo/small/logo1.png]
[clinicmaster.dexignzone.com/skincare/xhtml/images/logo/small/logo2.png]
[clinicmaster.dexignzone.com/skincare/xhtml/images/logo/small/logo3.png]
[clinicmaster.dexignzone.com/skincare/xhtml/images/logo/small/logo4.png]
[clinicmaster.dexignzone.com/skincare/xhtml/images/logo/small/logo5.png]
[clinicmaster.dexignzone.com/skincare/xhtml/images/logo/small/logo6.png]
[clinicmaster.dexignzone.com/skincare/xhtml/images/background/bg1.webp]
[clinicmaster.dexignzone.com/skincare/xhtml/images/logo-white.svg]
[clinicmaster.dexignzone.com/skincare/xhtml/images/card.webp]
[clinicmaster.dexignzone.com/skincare/xhtml/js/global.min.js]
[clinicmaster.dexignzone.com/skincare/xhtml/vendor/popper/popper.js]
[clinicmaster.dexignzone.com/skincare/xhtml/vendor/tempus-dominus/js/tempus-dominus.min.js]
[clinicmaster.dexignzone.com/skincare/xhtml/vendor/swiper/swiper-bundle.min.js]
[clinicmaster.dexignzone.com/skincare/xhtml/vendor/imagesloaded/imagesloaded.js]
[clinicmaster.dexignzone.com/skincare/xhtml/vendor/masonry/isotope.pkgd.min.js]
[clinicmaster.dexignzone.com/skincare/xhtml/vendor/twentytwenty/js/jquery.event.move.js]
[clinicmaster.dexignzone.com/skincare/xhtml/vendor/twentytwenty/js/jquery.twentytwenty.js]
[clinicmaster.dexignzone.com/skincare/xhtml/vendor/wnumb/wNumb.js]
[clinicmaster.dexignzone.com/skincare/xhtml/vendor/countdown/jquery.countdown.js]
[clinicmaster.dexignzone.com/skincare/xhtml/js/dz.carousel.js]
[clinicmaster.dexignzone.com/skincare/xhtml/js/dz.ajax.js]
[clinicmaster.dexignzone.com/skincare/xhtml/js/custom.js]
[clinicmaster.dexignzone.com/skincare/xhtml/index.html]
[clinicmaster.dexignzone.com/skincare/xhtml/vendor/tempus-dominus/css/tempus-dominus.min.css]
[clinicmaster.dexignzone.com/skincare/xhtml/vendor/swiper/swiper-bundle.min.css]
[clinicmaster.dexignzone.com/skincare/xhtml/vendor/twentytwenty/css/twentytwenty.css]
[clinicmaster.dexignzone.com/skincare/xhtml/vendor/magnific-popup/magnific-popup.min.css]
[clinicmaster.dexignzone.com/skincare/xhtml/vendor/animate/animate.css]
[clinicmaster.dexignzone.com/skincare/xhtml/icons/feather/css/iconfont.css]
[clinicmaster.dexignzone.com/skincare/xhtml/icons/fontawesome/css/all.min.css]
[clinicmaster.dexignzone.com/skincare/xhtml/icons/flaticon/flaticon.css]
[clinicmaster.dexignzone.com/skincare/xhtml/images/hero-banner/bg.png]
[clinicmaster.dexignzone.com/skincare/xhtml/images/banner/bg.webp]
[clinicmaster.dexignzone.com/skincare/xhtml/css/style.css]
[clinicmaster.dexignzone.com/skincare/xhtml/images/logo.svg]
[clinicmaster.dexignzone.com/skincare/xhtml/about-us.html]
[clinicmaster.dexignzone.com/skincare/xhtml/images/banner/bnr1.webp]
[clinicmaster.dexignzone.com/skincare/xhtml/images/background/bg2.webp]
[clinicmaster.dexignzone.com/skincare/xhtml/images/arrow-left.svg]
[clinicmaster.dexignzone.com/skincare/xhtml/images/arrow-right.svg]
[clinicmaster.dexignzone.com/skincare/xhtml/images/compare/img1.webp]
[clinicmaster.dexignzone.com/skincare/xhtml/images/compare/img2.webp]
[clinicmaster.dexignzone.com/skincare/xhtml/images/compare/img3.webp]
[clinicmaster.dexignzone.com/skincare/xhtml/images/compare/img4.webp]
[clinicmaster.dexignzone.com/skincare/xhtml/images/compare/img5.webp]
[clinicmaster.dexignzone.com/skincare/xhtml/images/about/img8.webp]
[clinicmaster.dexignzone.com/skincare/xhtml/images/logo/middle/logo1.png]
[clinicmaster.dexignzone.com/skincare/xhtml/images/logo/middle/logo2.png]
[clinicmaster.dexignzone.com/skincare/xhtml/images/logo/middle/logo3.png]
[clinicmaster.dexignzone.com/skincare/xhtml/images/logo/middle/logo4.png]
[clinicmaster.dexignzone.com/skincare/xhtml/about-us-2.html]
[clinicmaster.dexignzone.com/skincare/xhtml/images/country/united_states.webp]
[clinicmaster.dexignzone.com/skincare/xhtml/images/map/map1.webp]
[clinicmaster.dexignzone.com/skincare/xhtml/images/country/canada.webp]
[clinicmaster.dexignzone.com/skincare/xhtml/appointment.html]
[clinicmaster.dexignzone.com/skincare/xhtml/images/map/map2.webp]
[clinicmaster.dexignzone.com/skincare/xhtml/pricing-table.html]
[clinicmaster.dexignzone.com/skincare/xhtml/ajax/testimonial.html]
[clinicmaster.dexignzone.com/skincare/xhtml/images/testimonial/large/img2.webp]
[clinicmaster.dexignzone.com/skincare/xhtml/images/testimonial/small/img1.webp]
[clinicmaster.dexignzone.com/skincare/xhtml/images/testimonial/large/img3.webp]
[clinicmaster.dexignzone.com/skincare/xhtml/images/testimonial/small/img2.webp]
[clinicmaster.dexignzone.com/skincare/xhtml/images/testimonial/large/img4.webp]
[clinicmaster.dexignzone.com/skincare/xhtml/images/testimonial/small/img3.webp]
[clinicmaster.dexignzone.com/skincare/xhtml/testimonial.html]
[clinicmaster.dexignzone.com/skincare/xhtml/faqs.html]
[clinicmaster.dexignzone.com/skincare/xhtml/images/error.webp]
[clinicmaster.dexignzone.com/skincare/xhtml/images/error2.webp]
[clinicmaster.dexignzone.com/skincare/xhtml/error-404.html]
[clinicmaster.dexignzone.com/skincare/xhtml/team.html]
[clinicmaster.dexignzone.com/skincare/xhtml/images/logo/logo2.png]
[clinicmaster.dexignzone.com/skincare/xhtml/team-detail.html]
[clinicmaster.dexignzone.com/skincare/xhtml/services.html]
[clinicmaster.dexignzone.com/skincare/xhtml/images/services/large/img1.webp]
[clinicmaster.dexignzone.com/skincare/xhtml/service-detail.html]
[clinicmaster.dexignzone.com/skincare/xhtml/images/services/img1.webp]
[clinicmaster.dexignzone.com/skincare/xhtml/service-detail-2.html]
[clinicmaster.dexignzone.com/skincare/xhtml/shop.html]
[clinicmaster.dexignzone.com/skincare/xhtml/images/services/bnr2.webp]
[clinicmaster.dexignzone.com/skincare/xhtml/images/shop/large/img1.webp]
[clinicmaster.dexignzone.com/skincare/xhtml/images/shop/middle/img1.webp]
[clinicmaster.dexignzone.com/skincare/xhtml/images/shop/middle/img2.webp]
[clinicmaster.dexignzone.com/skincare/xhtml/images/shop/middle/img3.webp]
[clinicmaster.dexignzone.com/skincare/xhtml/images/avatar/middle/img1.jpg]
[clinicmaster.dexignzone.com/skincare/xhtml/images/avatar/middle/img1.webp]
[clinicmaster.dexignzone.com/skincare/xhtml/images/avatar/middle/img2.jpg]
[clinicmaster.dexignzone.com/skincare/xhtml/js/jquery.star-rating-svg.js]
[clinicmaster.dexignzone.com/skincare/xhtml/shop-details.html]
[clinicmaster.dexignzone.com/skincare/xhtml/ajax/blog-grid.html]
[clinicmaster.dexignzone.com/skincare/xhtml/images/blog/small/img1.webp]
[clinicmaster.dexignzone.com/skincare/xhtml/images/blog/small/img2.webp]
[clinicmaster.dexignzone.com/skincare/xhtml/blog-grid.html]
[clinicmaster.dexignzone.com/skincare/xhtml/images/blog/small/img3.webp]
[clinicmaster.dexignzone.com/skincare/xhtml/ajax/blog-list.html]
[clinicmaster.dexignzone.com/skincare/xhtml/blog-list-sidebar.html]
[clinicmaster.dexignzone.com/skincare/xhtml/images/blog/img1.jpg]
[clinicmaster.dexignzone.com/skincare/xhtml/images/blog/block-image/img3.jpg]
[clinicmaster.dexignzone.com/skincare/xhtml/images/blog/block-image/img4.jpg]
[clinicmaster.dexignzone.com/skincare/xhtml/images/blog/block-image/img5.jpg]
[clinicmaster.dexignzone.com/skincare/xhtml/images/blog/block-image/img1.jpg]
[clinicmaster.dexignzone.com/skincare/xhtml/images/blog/block-image/img2.jpg]
[clinicmaster.dexignzone.com/skincare/xhtml/blog-details.html]
[clinicmaster.dexignzone.com/skincare/xhtml/images/about/img9.webp]
[clinicmaster.dexignzone.com/skincare/xhtml/contact-us.html]
[www.google.com/recaptcha/api.js]
[clinicmaster.dexignzone.com/skincare/xhtml/contact-us-2.html]
[clinicmaster.dexignzone.com/skincare/xhtml/images/google.svg]
[clinicmaster.dexignzone.com/skincare/xhtml/images/logo-white.svg]
[clinicmaster.dexignzone.com/skincare/xhtml/js/global.min.js]
[clinicmaster.dexignzone.com/skincare/xhtml/vendor/popper/popper.js]
[clinicmaster.dexignzone.com/skincare/xhtml/vendor/tempus-dominus/js/tempus-dominus.min.js]
[clinicmaster.dexignzone.com/skincare/xhtml/images/services/bnr1.webp]
[clinicmaster.dexignzone.com/skincare/xhtml/vendor/swiper/swiper-bundle.min.js]
[clinicmaster.dexignzone.com/skincare/xhtml/vendor/imagesloaded/imagesloaded.js]
[clinicmaster.dexignzone.com/skincare/xhtml/vendor/masonry/isotope.pkgd.min.js]
[clinicmaster.dexignzone.com/skincare/xhtml/vendor/twentytwenty/js/jquery.event.move.js]
[clinicmaster.dexignzone.com/skincare/xhtml/vendor/twentytwenty/js/jquery.twentytwenty.js]
[clinicmaster.dexignzone.com/skincare/xhtml/vendor/wnumb/wNumb.js]
[clinicmaster.dexignzone.com/skincare/xhtml/vendor/countdown/jquery.countdown.js]
[clinicmaster.dexignzone.com/skincare/xhtml/js/dz.carousel.js]
[clinicmaster.dexignzone.com/skincare/xhtml/js/dz.ajax.js]
[dzassets.s3.amazonaws.com/w3-global-2.0bc51.js]
[clinicmaster.dexignzone.com/skincare/xhtml/js/custom.js]
[clinicmaster.dexignzone.com/skincare/xhtml/vendor/animate/animate.css]
[clinicmaster.dexignzone.com/skincare/xhtml/icons/feather/fonts/feathere8ab.eot]
[clinicmaster.dexignzone.com/skincare/xhtml/icons/feather/fonts/feathere8ab.woff]
[clinicmaster.dexignzone.com/skincare/xhtml/icons/feather/fonts/feathere8ab.ttf]
[clinicmaster.dexignzone.com/skincare/xhtml/icons/feather/css/iconfont.css]
[clinicmaster.dexignzone.com/skincare/xhtml/icons/feather/fonts/feathere8ab.svg]
[clinicmaster.dexignzone.com/skincare/xhtml/icons/fontawesome/webfonts/fa-brands-400.woff2]
[clinicmaster.dexignzone.com/skincare/xhtml/icons/fontawesome/webfonts/fa-brands-400.ttf]
[clinicmaster.dexignzone.com/skincare/xhtml/icons/fontawesome/webfonts/fa-regular-400.woff2]
[clinicmaster.dexignzone.com/skincare/xhtml/icons/fontawesome/webfonts/fa-regular-400.ttf]
[clinicmaster.dexignzone.com/skincare/xhtml/icons/fontawesome/webfonts/fa-solid-900.woff2]
[clinicmaster.dexignzone.com/skincare/xhtml/icons/fontawesome/webfonts/fa-solid-900.ttf]
[clinicmaster.dexignzone.com/skincare/xhtml/icons/fontawesome/webfonts/fa-v4compatibility.woff2]
[clinicmaster.dexignzone.com/skincare/xhtml/icons/fontawesome/webfonts/fa-v4compatibility.ttf]
[clinicmaster.dexignzone.com/skincare/xhtml/icons/fontawesome/css/all.min.css]
[clinicmaster.dexignzone.com/skincare/xhtml/icons/flaticon/flaticon9c42.woff2]
[clinicmaster.dexignzone.com/skincare/xhtml/icons/flaticon/flaticon9c42.woff]
[clinicmaster.dexignzone.com/skincare/xhtml/icons/flaticon/flaticon9c42.eot]
[clinicmaster.dexignzone.com/skincare/xhtml/icons/flaticon/flaticon9c42.ttf]
[clinicmaster.dexignzone.com/skincare/xhtml/icons/flaticon/flaticon.css]
[clinicmaster.dexignzone.com/skincare/xhtml/images/arrow-left.svg]
[clinicmaster.dexignzone.com/skincare/xhtml/images/arrow-right.svg]
[clinicmaster.dexignzone.com/skincare/xhtml/ajax/testimonial.html]
[clinicmaster.dexignzone.com/skincare/xhtml/js/jquery.star-rating-svg.js]
[clinicmaster.dexignzone.com/skincare/xhtml/icons/flaticon/flaticon9c42.svg]
[clinicmaster.dexignzone.com/skincare/xhtml/ajax/blog-grid.html]
[clinicmaster.dexignzone.com/skincare/xhtml/ajax/blog-list.html]
[clinicmaster.dexignzone.com/skincare/xhtml/Version/index.html]
[clinicmaster.dexignzone.com/skincare/xhtml/icons/feather/fonts/feathere8ab.svg]
[clinicmaster.dexignzone.com/skincare/xhtml/icons/flaticon/flaticon9c42.svg]
